// Jest Snapshot v1, https://goo.gl/fbAQLP

exports[`should render ExpenseListItem correclty 1`] = `
<div>
  <p>
    description: 
    <Link
      replace={false}
      to="/edit/1"
    >
      gum
    </Link>
  </p>
  <p>
    amount: 
    195
     
  </p>
  <p>
    createdAt: 
    December 31st,1969
  </p>
</div>
`;
